// Vitest Snapshot v1, https://vitest.dev/guide/snapshot.html

exports[`<ProductsView/> > should render with default values 1`] = `
"<div>
  <div class="px-5 py-2 bg-white rounded">
    <h1 class="text-3xl">Productos</h1><!-- component -->
    <div class="w-full py-8">
      <div class="overflow-hidden border-b border-gray-200 rounded shadow">
        <table class="min-w-full bg-white">
          <thead class="text-white bg-gray-800">
            <tr>
              <th class="w-10 px-4 py-3 text-sm font-semibold text-left uppercase"> Imagen </th>
              <th class="flex-1 px-4 py-3 text-sm font-semibold text-left uppercase"> Titulo </th>
              <th class="px-4 py-3 text-sm font-semibold uppercase w-28">Precio</th>
              <th class="px-4 py-3 text-sm font-semibold text-left uppercase w-60"> Tallas </th>
            </tr>
          </thead>
          <tbody class="text-gray-700">
            <tr class="bg-gray-100">
              <td class="px-4 py-3 text-left"><img src="1740176-00-A_0_2000.jpg" alt="Menâ€™s Chill Crew Neck Sweatshirt" class="object-cover w-10 h-10"></td>
              <td class="px-4 py-3 text-left">
                <router-link-stub to="/admin/products/008ea87d-a16c-4c25-9de3-8a14bae089cd" replace="false" custom="false" ariacurrentvalue="page" class="hover:text-blue-500 hover:underline"></router-link-stub>
              </td>
              <td class="px-4 py-3 text-left"><span class="px-3 py-1 text-xs text-blue-600 bg-blue-200 rounded-full">75</span></td>
              <td class="px-4 py-3 text-left">XS,S,L,XL,XXL</td>
            </tr>
            <tr class="">
              <td class="px-4 py-3 text-left"><img src="8529107-00-A_0_2000.jpg" alt="3D Large Wordmark Pullover Hoodie" class="object-cover w-10 h-10"></td>
              <td class="px-4 py-3 text-left">
                <router-link-stub to="/admin/products/00caa867-abf7-4172-879b-2c17c8cad1d6" replace="false" custom="false" ariacurrentvalue="page" class="hover:text-blue-500 hover:underline"></router-link-stub>
              </td>
              <td class="px-4 py-3 text-left"><span class="px-3 py-1 text-xs text-blue-600 bg-blue-200 rounded-full">70</span></td>
              <td class="px-4 py-3 text-left">XS,S,XL,XXL</td>
            </tr>
            <tr class="bg-gray-100">
              <td class="px-4 py-3 text-left"><img src="1506211-00-A_1_2000.jpg" alt="Kids Corp Jacket" class="object-cover w-10 h-10"></td>
              <td class="px-4 py-3 text-left">
                <router-link-stub to="/admin/products/02f68a98-208c-4e2c-8ed3-742e07ba7ef7" replace="false" custom="false" ariacurrentvalue="page" class="hover:text-blue-500 hover:underline"></router-link-stub>
              </td>
              <td class="px-4 py-3 text-left"><span class="px-3 py-1 text-xs text-blue-600 bg-blue-200 rounded-full">30</span></td>
              <td class="px-4 py-3 text-left">XS,S,M</td>
            </tr>
            <tr class="">
              <td class="px-4 py-3 text-left"><img src="8764734-00-A_1.jpg" alt="Men's 3D Large Wordmark Tee" class="object-cover w-10 h-10"></td>
              <td class="px-4 py-3 text-left">
                <router-link-stub to="/admin/products/081ed246-4a36-43c5-870b-8f687427bf93" replace="false" custom="false" ariacurrentvalue="page" class="hover:text-blue-500 hover:underline"></router-link-stub>
              </td>
              <td class="px-4 py-3 text-left"><span class="px-3 py-1 text-xs text-blue-600 bg-blue-200 rounded-full">35</span></td>
              <td class="px-4 py-3 text-left">XS,S,M</td>
            </tr>
            <tr class="bg-gray-100">
              <td class="px-4 py-3 text-left"><img src="8765090-00-A_0_2000.jpg" alt="Women's T Logo Short Sleeve Scoop Neck Tee" class="object-cover w-10 h-10"></td>
              <td class="px-4 py-3 text-left">
                <router-link-stub to="/admin/products/0beeea8d-23c5-4ea0-a1d0-ebb7eb7a2aa5" replace="false" custom="false" ariacurrentvalue="page" class="hover:text-blue-500 hover:underline"></router-link-stub>
              </td>
              <td class="px-4 py-3 text-left"><span class="px-3 py-1 text-xs text-blue-600 bg-blue-200 rounded-full">35</span></td>
              <td class="px-4 py-3 text-left">XS,S,M,L,XL,XXL</td>
            </tr>
            <tr class="">
              <td class="px-4 py-3 text-left"><img src="1740250-00-A_1.jpg" alt="Men's Raven Lightweight Zip Up Bomber Jacket" class="object-cover w-10 h-10"></td>
              <td class="px-4 py-3 text-left">
                <router-link-stub to="/admin/products/0c8e0838-e0b6-45e2-9479-b2e882d2331b" replace="false" custom="false" ariacurrentvalue="page" class="hover:text-blue-500 hover:underline"></router-link-stub>
              </td>
              <td class="px-4 py-3 text-left"><span class="px-3 py-1 text-xs text-blue-600 bg-blue-200 rounded-full">130</span></td>
              <td class="px-4 py-3 text-left">S,M,L,XL,XXL</td>
            </tr>
            <tr class="bg-gray-100">
              <td class="px-4 py-3 text-left"><img src="8765120-00-A_0_2000.jpg" alt="Women's Small Wordmark Short Sleeve V-Neck Tee" class="object-cover w-10 h-10"></td>
              <td class="px-4 py-3 text-left">
                <router-link-stub to="/admin/products/0df45604-0309-4410-9bc3-9e681d2566a9" replace="false" custom="false" ariacurrentvalue="page" class="hover:text-blue-500 hover:underline"></router-link-stub>
              </td>
              <td class="px-4 py-3 text-left"><span class="px-3 py-1 text-xs text-blue-600 bg-blue-200 rounded-full">35</span></td>
              <td class="px-4 py-3 text-left">XS,S,M,L,XL,XXL</td>
            </tr>
            <tr class="">
              <td class="px-4 py-3 text-left"><img src="8529342-00-A_1.jpg" alt="Kids Cybertruck Tee" class="object-cover w-10 h-10"></td>
              <td class="px-4 py-3 text-left">
                <router-link-stub to="/admin/products/1283ce77-2be8-49c1-95ac-0f307108a8bb" replace="false" custom="false" ariacurrentvalue="page" class="hover:text-blue-500 hover:underline"></router-link-stub>
              </td>
              <td class="px-4 py-3 text-left"><span class="px-3 py-1 text-xs text-blue-600 bg-blue-200 rounded-full">25</span></td>
              <td class="px-4 py-3 text-left">XS,S,M</td>
            </tr>
            <tr class="bg-gray-100">
              <td class="px-4 py-3 text-left"><img src="1703767-00-A_1.jpg" alt="Men's Solar Roof Tee" class="object-cover w-10 h-10"></td>
              <td class="px-4 py-3 text-left">
                <router-link-stub to="/admin/products/12ad7d60-45b8-49a8-92a4-f4db225f39f6" replace="false" custom="false" ariacurrentvalue="page" class="hover:text-blue-500 hover:underline"></router-link-stub>
              </td>
              <td class="px-4 py-3 text-left"><span class="px-3 py-1 text-xs text-blue-600 bg-blue-200 rounded-full">35</span></td>
              <td class="px-4 py-3 text-left">S,M,L,XL</td>
            </tr>
            <tr class="">
              <td class="px-4 py-3 text-left"><img src="1549275-00-A_1.jpg" alt="Women's Plaid Mode Tee" class="object-cover w-10 h-10"></td>
              <td class="px-4 py-3 text-left">
                <router-link-stub to="/admin/products/1560071e-96fe-41bb-ae70-6c6c72774486" replace="false" custom="false" ariacurrentvalue="page" class="hover:text-blue-500 hover:underline"></router-link-stub>
              </td>
              <td class="px-4 py-3 text-left"><span class="px-3 py-1 text-xs text-blue-600 bg-blue-200 rounded-full">35</span></td>
              <td class="px-4 py-3 text-left">S,M</td>
            </tr>
          </tbody>
        </table>
      </div>
    </div>
    <button-pagination-stub page="1" hasmoredata="false"></button-pagination-stub>
  </div>
</div>"
`;
